// Jest Snapshot v1, https://goo.gl/fbAQLP

exports[`renders correctly 1`] = `
<View
  style={
    Object {
      "alignItems": "center",
      "backgroundColor": "#F5FCFF",
      "flex": 1,
      "justifyContent": "center",
    }
  }
>
  <Text
    style={
      Object {
        "fontSize": 20,
        "margin": 10,
        "textAlign": "center",
      }
    }
  >
    LOGIN
  </Text>
  <View
    onSubmit={[Function]}
    style={
      Object {
        "width": 230,
      }
    }
  >
    <View>
      <Text>
        Email
      </Text>
      <View>
        <TextInput
          allowFontScaling={true}
          name="email"
          onBlur={[Function]}
          onChangeText={[Function]}
          onDragStart={[Function]}
          onDrop={[Function]}
          onFocus={[Function]}
          secureTextEntry={false}
          style={
            Object {
              "height": 50,
            }
          }
          underlineColorAndroid="transparent"
          value=""
        />
      </View>
    </View>
    <View>
      <Text>
        Password
      </Text>
      <View>
        <TextInput
          allowFontScaling={true}
          name="password"
          onBlur={[Function]}
          onChangeText={[Function]}
          onDragStart={[Function]}
          onDrop={[Function]}
          onFocus={[Function]}
          secureTextEntry={true}
          style={
            Object {
              "height": 50,
            }
          }
          underlineColorAndroid="transparent"
          value=""
        />
      </View>
    </View>
    <View
      accessibilityComponentType="button"
      accessibilityTraits={
        Array [
          "button",
        ]
      }
      accessible={true}
      isTVSelectable={true}
      onResponderGrant={[Function]}
      onResponderMove={[Function]}
      onResponderRelease={[Function]}
      onResponderTerminate={[Function]}
      onResponderTerminationRequest={[Function]}
      onStartShouldSetResponder={[Function]}
      style={
        Object {
          "opacity": 1,
        }
      }
    >
      <View
        style={
          Array [
            Object {},
          ]
        }
      >
        <Text
          style={
            Array [
              Object {
                "color": "#007AFF",
                "fontSize": 18,
                "padding": 8,
                "textAlign": "center",
              },
            ]
          }
        >
          LOGIN
        </Text>
      </View>
    </View>
  </View>
</View>
`;
